// Jest Snapshot v1, https://goo.gl/fbAQLP

exports[`ATSScoreCard matches the gradient snapshot for consistency 1`] = `
<DocumentFragment>
  <article
    class="relative overflow-hidden rounded-3xl bg-gradient-to-br from-indigo-500 to-purple-500 text-white shadow-xl transition-all duration-300 hover:-translate-y-1 hover:shadow-2xl"
    data-testid="ats-score-card"
  >
    <div
      class="absolute inset-0 opacity-30 mix-blend-screen"
    >
      <div
        class="absolute -top-12 -right-12 h-32 w-32 rounded-full bg-white/30 blur-2xl"
      />
      <div
        class="absolute -bottom-10 -left-10 h-36 w-36 rounded-full bg-white/20 blur-3xl"
      />
    </div>
    <div
      class="relative flex flex-col gap-6 p-6 md:p-8"
    >
      <header
        class="flex items-start justify-between gap-4"
      >
        <div>
          <p
            class="text-xs font-semibold uppercase tracking-[0.3em] text-white/70"
          >
            Metric
          </p>
          <h3
            class="text-2xl font-black leading-snug tracking-wide"
          >
            Keyword Match
          </h3>
        </div>
        <span
          class="text-xs font-semibold uppercase tracking-wide px-3 py-1 rounded-full bg-white/20 text-white border border-white/40 shadow-[0_0_0_1px_rgba(255,255,255,0.2)] backdrop-blur-sm"
          data-testid="rating-badge"
        >
          EXCELLENT
        </span>
      </header>
      <div
        class="flex items-baseline gap-4"
      >
        <p
          class="text-6xl font-black leading-none drop-shadow-md"
          data-testid="metric-score"
        >
          82
        </p>
        <span
          class="text-sm font-semibold uppercase tracking-[0.4em] text-white"
        >
          Score
        </span>
      </div>
      <p
        class="text-sm md:text-base leading-relaxed text-white/85"
        data-testid="metric-tip"
      >
        Incorporate the role-specific leadership verbs to boost resonance.
      </p>
    </div>
  </article>
</DocumentFragment>
`;
